
 ⛅️ wrangler 3.114.17 (update available 4.126.0)
------------------------------------------------

Your Worker and resources are simulated locally via Miniflare. For more information, see: https://developers.cloudflare.com/workers/testing/local-development.

Your worker has access to the following bindings:
- Durable Objects:
  - ROOM: ChatRoom
[wrangler:inf] Ready on http://127.0.0.1:8792
⎔ Starting local server...
[wrangler:err] SyntaxError: Unexpected end of JSON input
    at JSON.parse (<anonymous>)
    at parseJSONFromBytes (D:\VSC\Microsoft VS Code\chatroom-pwa\node_modules\undici\lib\fetch\body.js:590:15)
    at successSteps (D:\VSC\Microsoft VS Code\chatroom-pwa\node_modules\undici\lib\fetch\body.js:530:23)
    at specConsumeBody (D:\VSC\Microsoft VS Code\chatroom-pwa\node_modules\undici\lib\fetch\body.js:539:5)
    at Request.json (D:\VSC\Microsoft VS Code\chatroom-pwa\node_modules\undici\lib\fetch\body.js:377:14)
    at handlePrettyErrorRequest (D:\VSC\Microsoft VS Code\chatroom-pwa\node_modules\miniflare\dist\src\index.js:12958:54)
    at #handleLoopback (D:\VSC\Microsoft VS Code\chatroom-pwa\node_modules\miniflare\dist\src\index.js:16624:26)
    at #handleLoopbackUpgrade (D:\VSC\Microsoft VS Code\chatroom-pwa\node_modules\miniflare\dist\src\index.js:16666:48)
    at Server.emit (node:events:517:28)
    at Server.emit (node:domain:489:12)
[wrangler:err] TypeError: Web Socket request did not return status 101 Switching Protocols response with Web Socket
    at #handleLoopbackUpgrade (D:\VSC\Microsoft VS Code\chatroom-pwa\node_modules\miniflare\dist\src\index.js:16683:9)
    at process.processTicksAndRejections (node:internal/process/task_queues:95:5)
[wrangler:inf] GET /ws 500 Internal Server Error (156ms)
⎔ Reloading local server...
